// Jest Snapshot v1, https://goo.gl/fbAQLP

exports[`Renders Correctly 1`] = `
<div
  class="fixed bottom-0 right-0 w-6/12 p-3"
  id="messages"
  mode="out-in"
  name="list"
>
  <p
    class="bg-white text-center shadow mt-3 p-2 w-full"
  >
    <span
      class="text-blue"
    >
      Message 0
    </span>
  </p>
  <p
    class="bg-white text-center shadow mt-3 p-2 w-full"
  >
    <span
      class="text-blue"
    >
      Message 1
    </span>
  </p>
  <p
    class="bg-white text-center shadow mt-3 p-2 w-full"
  >
    <span
      class="text-blue"
    >
      Message 2
    </span>
  </p>
</div>
`;
