// Jest Snapshot v1, https://goo.gl/fbAQLP

exports[`Renders Correctly 1`] = `
<div
  class="fixed bottom-0 right-0 w-auto p-3 min-w-1/4 z-30"
  id="messages"
  mode="out-in"
  name="list"
>
  <p
    class="text-center font-heading shadow mt-3 p-2 px-3 w-full select-none z-30"
  >
    <!---->
    
    Message 0
  
  </p>
  <p
    class="text-center font-heading shadow mt-3 p-2 px-3 w-full select-none z-30"
  >
    <!---->
    
    Message 1
  
  </p>
  <p
    class="text-center font-heading shadow mt-3 p-2 px-3 w-full select-none z-30"
  >
    <!---->
    
    Message 2
  
  </p>
</div>
`;
