// Jest Snapshot v1, https://goo.gl/fbAQLP

exports[`Renders Correctly 1`] = `
<div
  class="flex w-full px-2 py-2 border-solid border-b border-blue-point4 last:border-b-0"
>
  <label
    class="font-body text-blue flex-none px-2 select-none"
    for=""
  >
    
  </label>
   
  <input
    class="font-body outline-none flex-1 appearance-none"
    name=""
    type="text"
  />
</div>
`;
