// Jest Snapshot v1, https://goo.gl/fbAQLP

exports[`Renders Correctly 1`] = `
<main>
  <h1
    class="mx-10 mb-1"
  >
    <back-arrow-stub
      to="/events"
    />
    
    Test Event
    on 11/22/33
  </h1>
   
  <div
    class="mx-12 mb-3"
  >
    <router-link-stub
      class="button"
      tag="button"
      to="/events/edit/12"
    >
      Edit Event
    </router-link-stub>
  </div>
   
  <div
    class="mx-12 flex flex-wrap"
  >
    <div
      class="w-full md:w-1/2 text-center mb-3"
    >
      <router-link-stub
        class="shadow p-2 md:mr-3"
        tag="div"
        to="/events/12/competitors"
      >
        <h2>
          Entries
        </h2>
         
        <p>
          7 Entries
        </p>
      </router-link-stub>
    </div>
     
    <div
      class="w-full md:w-1/2 text-center mb-3"
    >
      <router-link-stub
        class="shadow p-2"
        tag="div"
        to="/events/12/courses"
      >
        <h2>
          Courses
        </h2>
         
        <p>
          2 Courses
        </p>
      </router-link-stub>
    </div>
     
    <div
      class="w-full md:w-1/2 text-center mb-3"
    >
      <router-link-stub
        class="shadow p-2 md:mr-3"
        tag="div"
        to="/events/12/download"
      >
        <h2>
          Download
        </h2>
         
        <p>
          Download SI Cards
        </p>
      </router-link-stub>
    </div>
     
    <!---->
  </div>
</main>
`;
