// Jest Snapshot v1, https://goo.gl/fbAQLP

exports[`Renders Correctly 1`] = `
<div>
  <div
    class="bg-gradient text-center w-full my-shadow-lg mb-5"
  >
    <img
      alt="Nevis Logo"
      class="h-40 py-5"
      src="@/assets/images/Nevis Logo.png"
    />
     
    <h1
      class="pb-4 text-3xl text-white"
    >
      Welcome to Nevis
    </h1>
  </div>
   
  <div
    class="mx-10 mb-3"
  >
    <button
      class="button"
    >
      Connect
    </button>
     
    <router-link-stub
      class="button"
      tag="button"
      to="/about"
    >
      About
    </router-link-stub>
     
    <router-link-stub
      class="button"
      tag="button"
      to="/help"
    >
      Help
    </router-link-stub>
  </div>
   
  <div
    class="my-shadow mx-10"
  >
    <text-input-stub
      label="Server:"
      type=""
      value="localhost"
    />
     
    <text-input-stub
      label="Port:"
      type=""
      value="3306"
    />
     
    <text-input-stub
      label="Username:"
      type=""
      value="sa"
    />
     
    <text-input-stub
      label="Password:"
      type="password"
      value="orienteer"
    />
     
    <text-input-stub
      label="Database:"
      type=""
      value="nevis"
    />
  </div>
</div>
`;
