// Jest Snapshot v1, https://goo.gl/fbAQLP

exports[`Renders Correctly 1`] = `
<main>
  <back-arrow-stub
    to="/events/undefined"
  />
   
  <h1
    class="mx-10 mb-1 px-1"
  >
    
    Safety Check
  
  </h1>
   
  <div
    class="mx-12 mb-3"
  >
    <button
      class="button"
    >
      Import Punches
    </button>
     
    <button
      class="button"
    >
      Refresh
    </button>
  </div>
   
  <div
    class="mx-12 my-shadow mx-12 mb-3 p-2"
  >
    <table
      class="w-full font-body"
    >
      <tr
        class="font-heading text-center hover:bg-blue-light"
      >
        <th>
          
          Name
          
          <up-down-arrows-stub />
        </th>
         
        <th>
          
          Control
          
          <up-down-arrows-stub />
        </th>
         
        <th>
          
          Time
          
          <up-down-arrows-stub
            active="true"
          />
        </th>
         
        <th
          class="hidden sm:table-cell"
        >
          
          Course
          
          <up-down-arrows-stub />
        </th>
         
        <th
          class="hidden md:table-cell"
        >
          
          Age Class
          
          <up-down-arrows-stub />
        </th>
      </tr>
       
      <tbody
        name="fade"
      >
        <tr
          class="text-center odd:bg-blue-lightest hover:bg-blue-light"
        >
          <td>
            Bob
          </td>
           
          <td>
            202
          </td>
           
          <td>
            01:34:15
          </td>
           
          <td
            class="hidden sm:table-cell"
          >
            Long
          </td>
           
          <td
            class="hidden md:table-cell"
          >
            
          </td>
        </tr>
        <tr
          class="text-center odd:bg-blue-lightest hover:bg-blue-light"
        >
          <td>
            James
          </td>
           
          <td>
            202
          </td>
           
          <td>
            01:15:55
          </td>
           
          <td
            class="hidden sm:table-cell"
          >
            Short
          </td>
           
          <td
            class="hidden md:table-cell"
          >
            
          </td>
        </tr>
        <tr
          class="text-center odd:bg-blue-lightest hover:bg-blue-light"
        >
          <td>
            Alfie
          </td>
           
          <td>
            201
          </td>
           
          <td>
            01:34:25
          </td>
           
          <td
            class="hidden sm:table-cell"
          >
            
          </td>
           
          <td
            class="hidden md:table-cell"
          >
            
          </td>
        </tr>
      </tbody>
    </table>
  </div>
</main>
`;
